// Jest Snapshot v1, https://goo.gl/fbAQLP

exports[`Editcampaign snapshot renders 1`] = `
<div
  className="container"
>
  <div
    className="row"
  >
    <div
      className="col-6 mt-5"
    >
      <h1
        className="sc-AxjAm iNZlfB"
      >
        Edit Campaign
      </h1>
      <form
        className=""
        onSubmit={[Function]}
      >
        <div
          className="form-group"
        >
          <label
            className="form-label"
            htmlFor="formBasicName"
          >
            Campaign Name
          </label>
          <input
            className="form-control"
            id="formBasicName"
            onChange={[Function]}
            placeholder="Enter name"
            type="name"
            value=""
          />
        </div>
        <div
          className="form-group"
        >
          <label
            className="form-label"
            htmlFor="exampleForm.ControlSelect1"
          >
            Segment
          </label>
          <select
            className="form-control"
            id="exampleForm.ControlSelect1"
            onChange={[Function]}
          >
            <option>
              All Subscribers
            </option>
            <option>
              Beauty Purchases
            </option>
            <option>
              Decor Purchases
            </option>
          </select>
        </div>
        <div
          className="form-group"
        >
          <label
            className="form-label"
            htmlFor="formBasicName"
          >
            Add Photo or Gif
          </label>
          <input
            className="form-control"
            id="formBasicName"
            onChange={[Function]}
            placeholder="Enter url"
            type="media"
            value=""
          />
        </div>
        <div
          className="form-group"
        >
          <label
            className="form-label"
            htmlFor="exampleForm.ControlTextarea1"
          >
            Message
          </label>
          <textarea
            className="form-control"
            id="exampleForm.ControlTextarea1"
            onChange={[Function]}
            rows="3"
            value=""
          />
        </div>
        <button
          className="btn btn-primary"
          disabled={false}
          type="submit"
        >
          Save
        </button>
        <a
          href="/"
          onClick={[Function]}
        >
          <button
            className="btn btn-link m-5"
            type="button"
          >
            Cancel
          </button>
        </a>
      </form>
    </div>
  </div>
</div>
`;
