// Jest Snapshot v1, https://goo.gl/fbAQLP

exports[`OpenCampaigns snapshot renders 1`] = `
<div
  className="container"
>
  <div
    className="row"
  >
    <div
      className="col-12 mt-5"
    >
      <table
        className="table table-striped table-bordered table-hover"
      >
        <thead>
          <tr>
            <th>
              <a
                href="/add"
                onClick={[Function]}
              >
                <button
                  className="btn btn-light btn-sm m-0"
                  type="button"
                >
                  Create a new Campaign
                </button>
              </a>
            </th>
            <th>
              Open (unsent) Campaigns
            </th>
            <th>
              Target Segment
            </th>
          </tr>
        </thead>
        <tbody>
          <tr>
            <td>
              <a
                href="/edit/4"
                onClick={[Function]}
              >
                <button
                  className="btn btn-light btn-sm m-0"
                  onClick={[Function]}
                  type="button"
                >
                  Edit Details
                </button>
              </a>
            </td>
            <td>
              Fall Decor Updates
            </td>
            <td>
              Decor Purchases
            </td>
          </tr>
          <tr>
            <td>
              <a
                href="/edit/5"
                onClick={[Function]}
              >
                <button
                  className="btn btn-light btn-sm m-0"
                  onClick={[Function]}
                  type="button"
                >
                  Edit Details
                </button>
              </a>
            </td>
            <td>
              Great Halloween Sale
            </td>
            <td>
              All Subscribers
            </td>
          </tr>
        </tbody>
      </table>
    </div>
  </div>
</div>
`;
